Logger running
Logger running
Logger running
Logger running
Logger running
Logger running
Logger running
Logger running
Logger running
Logger running
Logger running
Logger running
Logger running
Logger running
Logger running
Logger running
Logger running
Logger running
Logger running
Logger running
Logger running
Logger running
Logger running
Logger running
Logger running
Logger running
Logger running
Logger running
Logger running
Logger running
Logger running
Logger running
Logger running
Logger running
Logger running
Logger running
Logger running
Logger running
Logger running
Logger running
Logger running
Logger running
Logger running
Logger running
Logger running
Logger running
Logger running
Logger running
Logger running
Logger running
Logger running
Logger running
Logger running
Logger running
Logger running
Logger running
Logger running
Logger running
Logger running
Logger running
Logger running
Logger running
Logger running
Logger running
Logger running
Logger running
Logger running
Logger running
Logger running
Logger running
Logger running
Logger running
Logger running
Logger running
Logger running
Logger running
Logger running
Logger running
Logger running
Logger running
Logger running
Logger running
Logger running
Logger running
Logger running
Logger running
Logger running
Logger running
Logger running
Logger running
Logger running
Logger running
Logger running
Logger running
Logger running
Logger running
Logger running
Logger running
Logger running
Logger running
Logger running
Logger running
Logger running
Logger running
Logger running
Logger running
Logger running
Logger running
Logger running
Logger running
Logger running
Logger running
Logger running
Logger running
Logger running
Logger running
Logger running
Logger running
Logger running
Logger running
Logger running
Logger running
Logger running
Logger running
Logger running
Logger running
Logger running
Logger running
Logger running
Logger running
Logger running
Logger running
Logger running
Logger running
Logger running
Logger running
Logger running
Logger running
Logger running
Logger running
Logger running
Logger running
Logger running
Logger running
Logger running
Logger running
Logger running
Logger running
Logger running
Logger running
Logger running
Logger running
Logger running
Logger running
Logger running
Logger running
Logger running
Logger running
Logger running
Logger running
Logger running
Logger running
Logger running
Logger running
Logger running
Logger running
Logger running
Logger running
Logger running
Logger running
Logger running
Logger running
Logger running
Logger running
Logger running
Logger running
Logger running
Logger running
Logger running
Logger running
Logger running
Logger running
Logger running
Logger running
Logger running
Logger running
Logger running
Logger running
Logger running
Logger running
Logger running
Logger running
Logger running
Logger running
Logger running
Logger running
Logger running
Logger running
Logger running
Logger running
Logger running
Logger running
Logger running
Logger running
Logger running
Logger running
Logger running
Logger running
Logger running
Logger running
Logger running
Logger running
Logger running
Logger running
Logger running
Logger running
Logger running
Logger running
Logger running
Logger running
Logger running
Logger running
Logger running
Logger running
Logger running
Logger running
Logger running
Logger running
Logger running
Logger running
Logger running
Logger running
Logger running
Logger running
Logger running
Logger running
Logger running
Logger running
Logger running
Logger running
Logger running
Logger running
Logger running
Logger running
Logger running
Logger running
Logger running
Logger running
Logger running
Logger running
Logger running
Logger running
Logger running
Logger running
Logger running
Logger running
Logger running
Logger running
Logger running
Logger running
Logger running
Logger running
Logger running
Logger running
Logger running
Logger running
Logger running
Logger running
Logger running
Logger running
Logger running
Logger running
Logger running
Logger running
Logger running
Logger running
Logger running
Logger running
Logger running
Logger running
Logger running
Logger running
Logger running
Logger running
Logger running
Logger running
Logger running
Logger running
Logger running
Logger running
Logger running
Logger running
Logger running
Logger running
Logger running
Logger running
Logger running
Logger running
Logger running
Logger running
Logger running
Logger running
Logger running
Logger running
Logger running
Logger running
Logger running
Logger running
Logger running
Logger running
Logger running
Logger running
Logger running
Logger running
Logger running
Logger running
Logger running
Logger running
Logger running
Logger running
Logger running
Logger running
Logger running
Logger running
Logger running
Logger running
Logger running
Logger running
Logger running
Logger running
Logger running
Logger running
Logger running
Logger running
Logger running
Logger running
Logger running
Logger running
Logger running
Logger running
Logger running
Logger running
Logger running
Logger running
Logger running
Logger running
Logger running
Logger running
Logger running
Logger running
Logger running
Logger running
Logger running
Logger running
Logger running
Logger running
Logger running
Logger running
Logger running
Logger running
Logger running
Logger running
Logger running
Logger running
Logger running
Logger running
Logger running
Logger running
Logger running
Logger running
Logger running
Logger running
Logger running
Logger running
Logger running
Logger running
Logger running
Logger running at 2026-02-13 12:55:05
Logger running at 2026-02-13 12:55:07
Logger running at 2026-02-13 12:55:08
Logger running at 2026-02-13 12:55:08
Logger running at 2026-02-13 12:55:09
Logger running at 2026-02-13 12:55:09
Logger running at 2026-02-13 12:55:09
Logger running at 2026-02-23 07:51:24
